---
source: core/tests/suite/compact_remote.rs
expression: "format_labeled_requests_snapshot(\"Remote mid-turn continuation compaction after tool output: compact request includes tool artifacts and follow-up request includes the summary.\",\n&[(\"Remote Compaction Request\", &compact_request),\n(\"Remote Post-Compaction History Layout\", &requests[1]),])"
---
Scenario: Remote mid-turn continuation compaction after tool output: compact request includes tool artifacts and follow-up request includes the summary.

## Remote Compaction Request
00:message/developer:<PERMISSIONS_INSTRUCTIONS>
01:message/user:<AGENTS_MD>
02:message/user:<ENVIRONMENT_CONTEXT:cwd=<CWD>>
03:message/user:USER_ONE
04:function_call/<TOOL_CALL>
05:function_call_output:<TOOL_ERROR_OUTPUT>

## Remote Post-Compaction History Layout
00:message/user:USER_ONE
01:message/developer:<PERMISSIONS_INSTRUCTIONS>
02:message/user:<AGENTS_MD>
03:message/user:<ENVIRONMENT_CONTEXT:cwd=<CWD>>
04:message/user:Another language model started to solve this problem and produced a summary of its thinking process. You also have access to the state of the tools that were used by that language model. Use this to build on the work that has already been done and avoid duplicating work. Here is the summary produced by the other language model, use the information in this summary to assist with your own analysis:\nREMOTE_MID_TURN_SUMMARY
