---
source: core/tests/suite/compact.rs
expression: "format_labeled_requests_snapshot(\"Manual /compact with no prior user turn currently still issues a compaction request; follow-up turn carries canonical context and the new user message.\",\n&[(\"Local Compaction Request\", &requests[0]),\n(\"Local Post-Compaction History Layout\", &requests[1]),])"
---
Scenario: Manual /compact with no prior user turn currently still issues a compaction request; follow-up turn carries canonical context and the new user message.

## Local Compaction Request
00:message/developer:<PERMISSIONS_INSTRUCTIONS>
01:message/user:<AGENTS_MD>
02:message/user:<ENVIRONMENT_CONTEXT:cwd=<CWD>>
03:message/user:<SUMMARIZATION_PROMPT>

## Local Post-Compaction History Layout
00:message/developer:<PERMISSIONS_INSTRUCTIONS>
01:message/user:<AGENTS_MD>
02:message/user:<ENVIRONMENT_CONTEXT:cwd=<CWD>>
03:message/user:Another language model started to solve this problem and produced a summary of its thinking process. You also have access to the state of the tools that were used by that language model. Use this to build on the work that has already been done and avoid duplicating work. Here is the summary produced by the other language model, use the information in this summary to assist with your own analysis:\nMANUAL_EMPTY_SUMMARY
04:message/user:AFTER_MANUAL_EMPTY_COMPACT
