---
source: core/tests/suite/compact.rs
expression: "format_labeled_requests_snapshot(\"Manual /compact with no prior user turn is a no-op; follow-up turn carries canonical context and the new user message.\",\n&[(\"Local Post-Compaction History Layout\", &requests[0]),])"
---
Scenario: Manual /compact with no prior user turn is a no-op; follow-up turn carries canonical context and the new user message.

## Local Post-Compaction History Layout
00:message/developer:<PERMISSIONS_INSTRUCTIONS>
01:message/user:<AGENTS_MD>
02:message/user:<ENVIRONMENT_CONTEXT:cwd=<CWD>>
03:message/user:AFTER_MANUAL_EMPTY_COMPACT
