---
source: core/tests/suite/compact.rs
expression: "format_labeled_requests_snapshot(\"Manual /compact with prior user history compacts existing history and the follow-up turn includes the compact summary plus new user message.\",\n&[(\"Local Compaction Request\", &requests[1]),\n(\"Local Post-Compaction History Layout\", &requests[2]),])"
---
Scenario: Manual /compact with prior user history compacts existing history and the follow-up turn includes the compact summary plus new user message.

## Local Compaction Request
00:message/developer:<PERMISSIONS_INSTRUCTIONS>
01:message/user:<AGENTS_MD>
02:message/user:<ENVIRONMENT_CONTEXT:cwd=<CWD>>
03:message/user:USER_ONE
04:message/assistant:FIRST_REPLY
05:message/user:<SUMMARIZATION_PROMPT>

## Local Post-Compaction History Layout
00:message/developer:<PERMISSIONS_INSTRUCTIONS>
01:message/user:<AGENTS_MD>
02:message/user:<ENVIRONMENT_CONTEXT:cwd=<CWD>>
03:message/user:USER_ONE
04:message/user:Another language model started to solve this problem and produced a summary of its thinking process. You also have access to the state of the tools that were used by that language model. Use this to build on the work that has already been done and avoid duplicating work. Here is the summary produced by the other language model, use the information in this summary to assist with your own analysis:\nMANUAL_SUMMARY
05:message/user:USER_TWO
